// Jest Snapshot v1, https://goo.gl/fbAQLP

exports[`<FormContainer /> should render correctly 1`] = `
<FormContainer>
  <section
    className="background"
  >
    <div
      className="logo"
    >
      MapSocial
    </div>
    <div
      className="container"
    >
      <WithFormik(LoginForm)
        asyncError={Object {}}
        handleLoginFocus={[Function]}
        isFocus={
          Object {
            "isLoginFocus": false,
            "isSignupFocus": false,
          }
        }
        onSubmit={[Function]}
        user={
          Object {
            "password": "",
            "username": "",
          }
        }
      >
        <Formik
          asyncError={Object {}}
          displayName="LoginForm"
          enableReinitialize={true}
          handleLoginFocus={[Function]}
          handleSubmit={[Function]}
          initialValues={
            Object {
              "asyncError": Object {},
              "handleLoginFocus": [Function],
              "isLoginFocus": false,
              "isSignupFocus": false,
              "password": "",
              "username": "",
            }
          }
          isFocus={
            Object {
              "isLoginFocus": false,
              "isSignupFocus": false,
            }
          }
          isInitialValid={false}
          onSubmit={[Function]}
          render={[Function]}
          user={
            Object {
              "password": "",
              "username": "",
            }
          }
          validateOnBlur={true}
          validateOnChange={true}
          validationSchema={[Function]}
        >
          <LoginForm
            asyncError={Object {}}
            dirty={false}
            errors={Object {}}
            handleBlur={[Function]}
            handleChange={[Function]}
            handleLoginFocus={[Function]}
            handleReset={[Function]}
            handleSubmit={[Function]}
            initialValues={
              Object {
                "asyncError": Object {},
                "handleLoginFocus": [Function],
                "isLoginFocus": false,
                "isSignupFocus": false,
                "password": "",
                "username": "",
              }
            }
            isFocus={
              Object {
                "isLoginFocus": false,
                "isSignupFocus": false,
              }
            }
            isSubmitting={false}
            isValid={false}
            isValidating={false}
            onSubmit={[Function]}
            registerField={[Function]}
            resetForm={[Function]}
            setError={[Function]}
            setErrors={[Function]}
            setFieldError={[Function]}
            setFieldTouched={[Function]}
            setFieldValue={[Function]}
            setFormikState={[Function]}
            setStatus={[Function]}
            setSubmitting={[Function]}
            setTouched={[Function]}
            setValues={[Function]}
            submitCount={0}
            submitForm={[Function]}
            touched={Object {}}
            unregisterField={[Function]}
            user={
              Object {
                "password": "",
                "username": "",
              }
            }
            validateField={[Function]}
            validateForm={[Function]}
            validateOnBlur={true}
            validateOnChange={true}
            values={
              Object {
                "asyncError": Object {},
                "handleLoginFocus": [Function],
                "isLoginFocus": false,
                "isSignupFocus": false,
                "password": "",
                "username": "",
              }
            }
          >
            <form
              className="form"
              onSubmit={[Function]}
            >
              <LoginInput
                label="Username"
                name="username"
                onBlur={[Function]}
                onChange={[Function]}
                onFocus={[Function]}
                pressed={false}
                type="text"
                value=""
              >
                <label
                  className="label undefined false"
                >
                  Username
                  <input
                    className="input undefined false"
                    data-for="username-login"
                    name="username"
                    onBlur={[Function]}
                    onChange={[Function]}
                    onFocus={[Function]}
                    type="text"
                    value=""
                  />
                </label>
              </LoginInput>
              <LoginInput
                label="Password"
                name="password"
                onBlur={[Function]}
                onChange={[Function]}
                onFocus={[Function]}
                pressed={false}
                type="password"
                value=""
              >
                <label
                  className="label undefined false"
                >
                  Password
                  <input
                    className="input undefined false"
                    data-for="password-login"
                    name="password"
                    onBlur={[Function]}
                    onChange={[Function]}
                    onFocus={[Function]}
                    type="password"
                    value=""
                  />
                </label>
              </LoginInput>
              <button
                className="btn_login"
                disabled={false}
                type="submit"
              >
                Login
              </button>
            </form>
          </LoginForm>
        </Formik>
      </WithFormik(LoginForm)>
      <WithFormik(SignupForm)
        asyncError={Object {}}
        handleSignupFocus={[Function]}
        isFocus={
          Object {
            "isLoginFocus": false,
            "isSignupFocus": false,
          }
        }
        onSubmit={[Function]}
        user={
          Object {
            "fullname": "",
            "password": "",
            "username": "",
          }
        }
      >
        <Formik
          asyncError={Object {}}
          displayName="SignupForm"
          enableReinitialize={true}
          handleSignupFocus={[Function]}
          handleSubmit={[Function]}
          initialValues={
            Object {
              "asyncError": Object {},
              "fullname": "",
              "handleSignupFocus": [Function],
              "isLoginFocus": false,
              "isSignupFocus": false,
              "password": "",
              "username": "",
            }
          }
          isFocus={
            Object {
              "isLoginFocus": false,
              "isSignupFocus": false,
            }
          }
          isInitialValid={false}
          onSubmit={[Function]}
          render={[Function]}
          user={
            Object {
              "fullname": "",
              "password": "",
              "username": "",
            }
          }
          validateOnBlur={true}
          validateOnChange={true}
          validationSchema={[Function]}
        >
          <SignupForm
            asyncError={Object {}}
            dirty={false}
            errors={Object {}}
            handleBlur={[Function]}
            handleChange={[Function]}
            handleReset={[Function]}
            handleSignupFocus={[Function]}
            handleSubmit={[Function]}
            initialValues={
              Object {
                "asyncError": Object {},
                "fullname": "",
                "handleSignupFocus": [Function],
                "isLoginFocus": false,
                "isSignupFocus": false,
                "password": "",
                "username": "",
              }
            }
            isFocus={
              Object {
                "isLoginFocus": false,
                "isSignupFocus": false,
              }
            }
            isSubmitting={false}
            isValid={false}
            isValidating={false}
            onSubmit={[Function]}
            registerField={[Function]}
            resetForm={[Function]}
            setError={[Function]}
            setErrors={[Function]}
            setFieldError={[Function]}
            setFieldTouched={[Function]}
            setFieldValue={[Function]}
            setFormikState={[Function]}
            setStatus={[Function]}
            setSubmitting={[Function]}
            setTouched={[Function]}
            setValues={[Function]}
            submitCount={0}
            submitForm={[Function]}
            touched={Object {}}
            unregisterField={[Function]}
            user={
              Object {
                "fullname": "",
                "password": "",
                "username": "",
              }
            }
            validateField={[Function]}
            validateForm={[Function]}
            validateOnBlur={true}
            validateOnChange={true}
            values={
              Object {
                "asyncError": Object {},
                "fullname": "",
                "handleSignupFocus": [Function],
                "isLoginFocus": false,
                "isSignupFocus": false,
                "password": "",
                "username": "",
              }
            }
          >
            <form
              className="form"
              onSubmit={[Function]}
            >
              <h1
                className="h1 false"
              >
                <strong>
                  Signup
                </strong>
                 to explore and share new experiences
              </h1>
              <SignupInput
                name="fullname"
                onBlur={[Function]}
                onChange={[Function]}
                onFocus={[Function]}
                placeholder="Full Name"
                pressed={false}
                type="text"
                value=""
              >
                <label
                  className="label"
                >
                  <input
                    className="input undefined false"
                    data-for="fullname-signup"
                    name="fullname"
                    onBlur={[Function]}
                    onChange={[Function]}
                    onFocus={[Function]}
                    placeholder="Full Name"
                    type="text"
                    value=""
                  />
                </label>
              </SignupInput>
              <SignupInput
                name="username"
                onBlur={[Function]}
                onChange={[Function]}
                onFocus={[Function]}
                placeholder="Username"
                pressed={false}
                type="text"
                value=""
              >
                <label
                  className="label"
                >
                  <input
                    className="input undefined false"
                    data-for="username-signup"
                    name="username"
                    onBlur={[Function]}
                    onChange={[Function]}
                    onFocus={[Function]}
                    placeholder="Username"
                    type="text"
                    value=""
                  />
                </label>
              </SignupInput>
              <SignupInput
                name="password"
                onBlur={[Function]}
                onChange={[Function]}
                onFocus={[Function]}
                placeholder="Password"
                pressed={false}
                type="password"
                value=""
              >
                <label
                  className="label"
                >
                  <input
                    className="input undefined false"
                    data-for="password-signup"
                    name="password"
                    onBlur={[Function]}
                    onChange={[Function]}
                    onFocus={[Function]}
                    placeholder="Password"
                    type="password"
                    value=""
                  />
                </label>
              </SignupInput>
              <button
                className="btn_signup"
                disabled={false}
                type="submit"
              >
                Signup
              </button>
            </form>
          </SignupForm>
        </Formik>
      </WithFormik(SignupForm)>
    </div>
  </section>
</FormContainer>
`;
